c:\users\user\Desktop\CVC700\SJ_2SD_G5_CVC700\PLC\MAIN.POE
C:\USERS\USER\DESKTOP\CVC700\SJ_2SD_G5_CVC700\PLC\STANDARD_FUNCTIONS.4.4.0\COMMON\INDICATORS_FB.POE
C:\USERS\USER\DESKTOP\CVC700\SJ_2SD_G5_CVC700\PLC\STANDARD_FUNCTIONS.4.4.0\COMMON\MODECONTROL_FB.POE

C:\USERS\USER\DESKTOP\CVC700\SJ_2SD_G5_CVC700\PLC\STANDARD_FUNCTIONS.4.4.0\NAVIGATION\NAVIGATION_FB.POE
C:\USERS\USER\DESKTOP\CVC700\SJ_2SD_G5_CVC700\PLC\STANDARD_FUNCTIONS.4.4.0\COMMON\STOPWORD_FB.POE
C:\USERS\USER\DESKTOP\CVC700\SJ_2SD_G5_CVC700\PLC\STANDARD_FUNCTIONS.4.4.0\COMMON\TX_STATUS_FB.POE
C:\PROGRAMDATA\INFOTEAM SOFTWARE\OPENPCS2008\OPENPCS.520\LIB\NDC8LIB.1.2.8\EVENTHANDLER_FB.POE
C:\PROGRAMDATA\INFOTEAM SOFTWARE\OPENPCS2008\OPENPCS.520\LIB\NDC8LIB.1.2.8\SENDEV_FB.POE
C:\USERS\USER\DESKTOP\CVC700\SJ_2SD_G5_CVC700\PLC\STANDARD_FUNCTIONS.4.4.0\AUTOLOAD\AUTOLOAD_FB.POE
C:\USERS\USER\DESKTOP\CVC700\SJ_2SD_G5_CVC700\PLC\STANDARD_FUNCTIONS.4.4.0\AUTOLOAD\OPERATIONFAIL_FB.POE
C:\PROGRAMDATA\INFOTEAM SOFTWARE\OPENPCS2008\OPENPCS.520\LIB\NDC8LIB.1.2.8\LOADOPDONE_FB.POE

C:\USERS\USER\DESKTOP\CVC700\SJ_2SD_G5_CVC700\PLC\STANDARD_FUNCTIONS.4.4.0\CARRIERCONTROL\CARRIERCONTROL_FB.POE
C:\USERS\USER\DESKTOP\CVC700\SJ_2SD_G5_CVC700\PLC\STANDARD_FUNCTIONS.4.4.0\CARRIERCONTROL\AUTOINSERT_FB.POE
C:\USERS\USER\DESKTOP\CVC700\SJ_2SD_G5_CVC700\PLC\STANDARD_FUNCTIONS.4.4.0\CARRIERCONTROL\SLOWDOWN_FB.POE
C:\USERS\USER\DESKTOP\CVC700\SJ_2SD_G5_CVC700\PLC\STANDARD_FUNCTIONS.4.4.0\CARRIERCONTROL\STARTDELAY_FB.POE
C:\USERS\USER\DESKTOP\CVC700\SJ_2SD_G5_CVC700\PLC\STANDARD_FUNCTIONS.4.4.0\CARRIERCONTROL\ESTOP_FB.POE
C:\PROGRAMDATA\INFOTEAM SOFTWARE\OPENPCS2008\OPENPCS.520\LIB\NDC8LIB.1.2.8\EVENTQUEUE_FB.POE
C:\USERS\USER\DESKTOP\CVC700\SJ_2SD_G5_CVC700\PLC\STANDARD_FUNCTIONS.4.4.0\CARRIERCONTROL\RESETBUTTON_FB.POE
C:\USERS\USER\DESKTOP\CVC700\SJ_2SD_G5_CVC700\PLC\STANDARD_FUNCTIONS.4.4.0\SUBFUNCTIONS\ASCII_TO_DEC.POE

C:\USERS\USER\DESKTOP\CVC700\SJ_2SD_G5_CVC700\PLC\STANDARD_FUNCTIONS.4.4.0\DISPLAY\DISPLAY_FB.POE
C:\USERS\USER\DESKTOP\CVC700\SJ_2SD_G5_CVC700\PLC\STANDARD_FUNCTIONS.4.4.0\DISPLAY\OPTX2PRO7\OPTX2_FB.POE
C:\PROGRAMDATA\INFOTEAM SOFTWARE\OPENPCS2008\OPENPCS.520\LIB\NDC8LIB.1.2.8\NAVMETHOD_FB.POE
C:\USERS\USER\DESKTOP\CVC700\SJ_2SD_G5_CVC700\PLC\STANDARD_FUNCTIONS.4.4.0\DISPLAY\OPTX2PRO7\OPTX2COMMUNICATION_FB.POE
C:\USERS\USER\DESKTOP\CVC700\SJ_2SD_G5_CVC700\PLC\STANDARD_FUNCTIONS.4.4.0\NAVIGATION\LS2000_FB.POE
C:\USERS\USER\DESKTOP\CVC700\SJ_2SD_G5_CVC700\PLC\STANDARD_FUNCTIONS.4.4.0\DISPLAY\DISPLAYSTOPSTRING_FB.POE
C:\USERS\USER\DESKTOP\CVC700\SJ_2SD_G5_CVC700\PLC\STANDARD_FUNCTIONS.4.4.0\COMMON\DEBUG_FB.POE

C:\USERS\USER\DESKTOP\CVC700\SJ_2SD_G5_CVC700\PLC\VEHICLE_SPECFIC_FUNCTIONS\PLC_COMMUNICATION_FB.POE


C:\PROGRAMDATA\INFOTEAM SOFTWARE\OPENPCS2008\OPENPCS.520\LIB\NDC8LIB.1.2.8\LOCALORDER_FB.POE
C:\PROGRAMDATA\INFOTEAM SOFTWARE\OPENPCS2008\OPENPCS.520\LIB\NDC8LIB.1.2.8\NAVINIT_FB.POE
C:\USERS\USER\DESKTOP\CVC700\SJ_2SD_G5_CVC700\PLC\STANDARD_FUNCTIONS.4.4.0\SAFETY\DRIVERSUPERVISION_FB.POE
C:\USERS\USER\DESKTOP\CVC700\SJ_2SD_G5_CVC700\PLC\VEHICLE_SPECFIC_FUNCTIONS\BMS_CHG_FB.POE
C:\PROGRAMDATA\INFOTEAM SOFTWARE\OPENPCS2008\OPENPCS.520\LIB\NDC8LIB.1.2.8\BLACKBOX_FB.POE
C:\USERS\USER\DESKTOP\CVC700\SJ_2SD_G5_CVC700\PLC\INPUTMAP_FB.POE
C:\PROGRAMDATA\INFOTEAM SOFTWARE\OPENPCS2008\OPENPCS.520\LIB\NDC8LIB.1.2.8\ORDERMODE_FB.POE
C:\USERS\USER\DESKTOP\CVC700\SJ_2SD_G5_CVC700\PLC\OUTPUTMAP_FB.POE

C:\USERS\USER\DESKTOP\CVC700\SJ_2SD_G5_CVC700\PLC\STANDARD_FUNCTIONS.4.4.0\DATAUPLOAD\DATAUPLOAD_FB.POE
C:\USERS\USER\DESKTOP\CVC700\SJ_2SD_G5_CVC700\PLC\STANDARD_FUNCTIONS.4.4.0\DATAUPLOAD\DATAUPLOAD_MODBUSTCPIP_FB.POE























































C:\USERS\USER\DESKTOP\CVC700\SJ_2SD_G5_CVC700\PLC\STANDARD_FUNCTIONS.4.4.0\COMMON\TIMER_FB.POE
C:\PROGRAMDATA\INFOTEAM SOFTWARE\OPENPCS2008\OPENPCS.520\LIB\PORTABILITY\BLINK.POE



