D:\T1\FullMod\SJ_2SD_G45_CVC700_FullMod_20220906\PLC\Main.POE
D:\T1\FULLMOD\SJ_2SD_G45_CVC700_FULLMOD_20220906\PLC\STANDARD_FUNCTIONS.4.4.0\COMMON\INDICATORS_FB.POE
D:\T1\FULLMOD\SJ_2SD_G45_CVC700_FULLMOD_20220906\PLC\STANDARD_FUNCTIONS.4.4.0\COMMON\MODECONTROL_FB.POE

D:\T1\FULLMOD\SJ_2SD_G45_CVC700_FULLMOD_20220906\PLC\STANDARD_FUNCTIONS.4.4.0\NAVIGATION\NAVIGATION_FB.POE
D:\T1\FULLMOD\SJ_2SD_G45_CVC700_FULLMOD_20220906\PLC\STANDARD_FUNCTIONS.4.4.0\COMMON\STOPWORD_FB.POE
D:\T1\FULLMOD\SJ_2SD_G45_CVC700_FULLMOD_20220906\PLC\STANDARD_FUNCTIONS.4.4.0\COMMON\TX_STATUS_FB.POE
C:\PROGRAMDATA\INFOTEAM SOFTWARE\OPENPCS2008\OPENPCS.520\LIB\NDC8LIB.1.2.6\EVENTQUEUE_FB.POE
C:\PROGRAMDATA\INFOTEAM SOFTWARE\OPENPCS2008\OPENPCS.520\LIB\NDC8LIB.1.2.6\EVENTHANDLER_FB.POE
C:\PROGRAMDATA\INFOTEAM SOFTWARE\OPENPCS2008\OPENPCS.520\LIB\NDC8LIB.1.2.6\SENDEV_FB.POE
D:\T1\FULLMOD\SJ_2SD_G45_CVC700_FULLMOD_20220906\PLC\STANDARD_FUNCTIONS.4.4.0\AUTOLOAD\AUTOLOAD_FB.POE
D:\T1\FULLMOD\SJ_2SD_G45_CVC700_FULLMOD_20220906\PLC\STANDARD_FUNCTIONS.4.4.0\AUTOLOAD\OPERATIONFAIL_FB.POE
C:\PROGRAMDATA\INFOTEAM SOFTWARE\OPENPCS2008\OPENPCS.520\LIB\NDC8LIB.1.2.6\LOADOPDONE_FB.POE

D:\T1\FULLMOD\SJ_2SD_G45_CVC700_FULLMOD_20220906\PLC\STANDARD_FUNCTIONS.4.4.0\CARRIERCONTROL\CARRIERCONTROL_FB.POE
D:\T1\FULLMOD\SJ_2SD_G45_CVC700_FULLMOD_20220906\PLC\STANDARD_FUNCTIONS.4.4.0\CARRIERCONTROL\AUTOINSERT_FB.POE
D:\T1\FULLMOD\SJ_2SD_G45_CVC700_FULLMOD_20220906\PLC\STANDARD_FUNCTIONS.4.4.0\CARRIERCONTROL\SLOWDOWN_FB.POE
D:\T1\FULLMOD\SJ_2SD_G45_CVC700_FULLMOD_20220906\PLC\STANDARD_FUNCTIONS.4.4.0\CARRIERCONTROL\STARTDELAY_FB.POE
D:\T1\FULLMOD\SJ_2SD_G45_CVC700_FULLMOD_20220906\PLC\STANDARD_FUNCTIONS.4.4.0\CARRIERCONTROL\ESTOP_FB.POE
D:\T1\FULLMOD\SJ_2SD_G45_CVC700_FULLMOD_20220906\PLC\STANDARD_FUNCTIONS.4.4.0\CARRIERCONTROL\RESETBUTTON_FB.POE
D:\T1\FULLMOD\SJ_2SD_G45_CVC700_FULLMOD_20220906\PLC\STANDARD_FUNCTIONS.4.4.0\SUBFUNCTIONS\ASCII_TO_DEC.POE

D:\T1\FULLMOD\SJ_2SD_G45_CVC700_FULLMOD_20220906\PLC\STANDARD_FUNCTIONS.4.4.0\DISPLAY\DISPLAY_FB.POE
D:\T1\FULLMOD\SJ_2SD_G45_CVC700_FULLMOD_20220906\PLC\STANDARD_FUNCTIONS.4.4.0\DISPLAY\OPTX2PRO7\OPTX2_FB.POE
C:\PROGRAMDATA\INFOTEAM SOFTWARE\OPENPCS2008\OPENPCS.520\LIB\NDC8LIB.1.2.6\NAVMETHOD_FB.POE
D:\T1\FULLMOD\SJ_2SD_G45_CVC700_FULLMOD_20220906\PLC\STANDARD_FUNCTIONS.4.4.0\DISPLAY\OPTX2PRO7\OPTX2COMMUNICATION_FB.POE
D:\T1\FULLMOD\SJ_2SD_G45_CVC700_FULLMOD_20220906\PLC\STANDARD_FUNCTIONS.4.4.0\NAVIGATION\LS2000_FB.POE
D:\T1\FULLMOD\SJ_2SD_G45_CVC700_FULLMOD_20220906\PLC\STANDARD_FUNCTIONS.4.4.0\DISPLAY\DISPLAYSTOPSTRING_FB.POE
D:\T1\FULLMOD\SJ_2SD_G45_CVC700_FULLMOD_20220906\PLC\STANDARD_FUNCTIONS.4.4.0\COMMON\DEBUG_FB.POE

D:\T1\FULLMOD\SJ_2SD_G45_CVC700_FULLMOD_20220906\PLC\VEHICLE_SPECFIC_FUNCTIONS\PLC_COMMUNICATION_FB.POE


C:\PROGRAMDATA\INFOTEAM SOFTWARE\OPENPCS2008\OPENPCS.520\LIB\NDC8LIB.1.2.6\LOCALORDER_FB.POE
C:\PROGRAMDATA\INFOTEAM SOFTWARE\OPENPCS2008\OPENPCS.520\LIB\NDC8LIB.1.2.6\NAVINIT_FB.POE
D:\T1\FULLMOD\SJ_2SD_G45_CVC700_FULLMOD_20220906\PLC\STANDARD_FUNCTIONS.4.4.0\SAFETY\DRIVERSUPERVISION_FB.POE
D:\T1\FULLMOD\SJ_2SD_G45_CVC700_FULLMOD_20220906\PLC\VEHICLE_SPECFIC_FUNCTIONS\BMS_CHG_FB.POE
C:\PROGRAMDATA\INFOTEAM SOFTWARE\OPENPCS2008\OPENPCS.520\LIB\NDC8LIB.1.2.6\BLACKBOX_FB.POE
D:\T1\FULLMOD\SJ_2SD_G45_CVC700_FULLMOD_20220906\PLC\INPUTMAP_FB.POE
C:\PROGRAMDATA\INFOTEAM SOFTWARE\OPENPCS2008\OPENPCS.520\LIB\NDC8LIB.1.2.6\ORDERMODE_FB.POE
D:\T1\FULLMOD\SJ_2SD_G45_CVC700_FULLMOD_20220906\PLC\OUTPUTMAP_FB.POE

D:\T1\FULLMOD\SJ_2SD_G45_CVC700_FULLMOD_20220906\PLC\STANDARD_FUNCTIONS.4.4.0\DATAUPLOAD\DATAUPLOAD_FB.POE
D:\T1\FULLMOD\SJ_2SD_G45_CVC700_FULLMOD_20220906\PLC\STANDARD_FUNCTIONS.4.4.0\DATAUPLOAD\DATAUPLOAD_MODBUSTCPIP_FB.POE























































D:\T1\FULLMOD\SJ_2SD_G45_CVC700_FULLMOD_20220906\PLC\STANDARD_FUNCTIONS.4.4.0\COMMON\TIMER_FB.POE
C:\PROGRAMDATA\INFOTEAM SOFTWARE\OPENPCS2008\OPENPCS.520\LIB\PORTABILITY\BLINK.POE



